// Jest Snapshot v1, https://goo.gl/fbAQLP

exports[`should render ExpenseListItem with data 1`] = `
<Link
  className="list-item "
  replace={false}
  to="/edit/1"
>
  <div>
    <h3
      className="list-item__title"
    >
      Test 1
    </h3>
    <span
      className="list-item__subtitle"
    >
      Jan 1st, 1970
    </span>
  </div>
  <h3
    className="list-item__data"
  >
    $10.00
  </h3>
</Link>
`;
